GPU: Intel(R) UHD Graphics (Intel)
low    1280x720 L01 SOUTH OF MARKET          start 114.1  turn 152.9  overview 115.8 fps
low    1280x720 L02 THE OPPORTUNITY CENTER   start  85.4  turn  94.0  overview  72.1 fps
low    1280x720 L03 THE 101                  start  84.1  turn 120.3  overview  90.7 fps
low    1280x720 L04 SAND HILL ROAD           start 120.5  turn 113.1  overview  85.7 fps
low    1280x720 L05 DISRUPT-A-THON           start  67.0  turn  86.2  overview  62.6 fps
low    1280x720 L06 OVERCLASS CAMPUS         start  59.8  turn  86.7  overview  61.7 fps
low    1280x720 L07 COLD AISLE               start  63.1  turn  87.5  overview  65.7 fps
low    1280x720 L08 PIER 70                  start  79.6  turn 131.5  overview  86.4 fps
low    1280x720 L09 THE ARK                  start  87.2  turn 145.5  overview  94.9 fps
low    1280x720 L10 THE BOARDROOM            start  85.2  turn 100.1  overview  66.1 fps
low    1280x720 L11 OMEGA                    start  70.5  turn 102.3  overview  78.7 fps
medium 1280x720 L01 SOUTH OF MARKET          start  78.2  turn  92.9  overview  65.5 fps
medium 1280x720 L02 THE OPPORTUNITY CENTER   start  46.6  turn  60.5  overview  39.4 fps
medium 1280x720 L03 THE 101                  start  60.0  turn  75.3  overview  70.3 fps
medium 1280x720 L04 SAND HILL ROAD           start  83.9  turn  71.3  overview  57.9 fps
medium 1280x720 L05 DISRUPT-A-THON           start  49.5  turn  60.0  overview  41.7 fps
medium 1280x720 L06 OVERCLASS CAMPUS         start  57.4  turn  59.7  overview  46.2 fps
medium 1280x720 L07 COLD AISLE               start  50.9  turn  63.5  overview  45.9 fps
medium 1280x720 L08 PIER 70                  start  51.8  turn  67.1  overview  41.9 fps
medium 1280x720 L09 THE ARK                  start  73.2  turn  98.8  overview  61.9 fps
medium 1280x720 L10 THE BOARDROOM            start  59.3  turn  79.8  overview  60.9 fps
medium 1280x720 L11 OMEGA                    start  89.2  turn  92.8  overview  55.7 fps
high   1280x720 L01 SOUTH OF MARKET          start  53.2  turn  62.1  overview  57.0 fps
high   1280x720 L02 THE OPPORTUNITY CENTER   start  50.2  turn  63.5  overview  39.9 fps
high   1280x720 L03 THE 101                  start  49.3  turn  59.2  overview  55.9 fps
high   1280x720 L04 SAND HILL ROAD           start  57.9  turn  63.6  overview  52.5 fps
high   1280x720 L05 DISRUPT-A-THON           start  50.5  turn  60.2  overview  41.8 fps
high   1280x720 L06 OVERCLASS CAMPUS         start  53.3  turn  59.0  overview  41.0 fps
high   1280x720 L07 COLD AISLE               start  50.5  turn  61.5  overview  41.7 fps
high   1280x720 L08 PIER 70                  start  58.5  turn  65.9  overview  45.4 fps
high   1280x720 L09 THE ARK                  start  57.4  turn  77.3  overview  49.5 fps
high   1280x720 L10 THE BOARDROOM            start  43.9  turn  52.3  overview  39.7 fps
high   1280x720 L11 OMEGA                    start  62.3  turn  67.2  overview  46.4 fps
low    1920x1080 L01 SOUTH OF MARKET          start  80.4  turn  89.7  overview  75.0 fps
low    1920x1080 L02 THE OPPORTUNITY CENTER   start  57.1  turn  64.7  overview  49.0 fps
low    1920x1080 L03 THE 101                  start  70.2  turn  79.2  overview  62.1 fps
low    1920x1080 L04 SAND HILL ROAD           start  75.3  turn  73.3  overview  62.1 fps
low    1920x1080 L05 DISRUPT-A-THON           start  59.5  turn  65.4  overview  50.0 fps
low    1920x1080 L06 OVERCLASS CAMPUS         start  60.4  turn  66.7  overview  52.3 fps
low    1920x1080 L07 COLD AISLE               start  54.4  turn  65.7  overview  53.3 fps
low    1920x1080 L08 PIER 70                  start  69.2  turn  82.7  overview  57.6 fps
low    1920x1080 L09 THE ARK                  start  69.8  turn  85.4  overview  63.3 fps
low    1920x1080 L10 THE BOARDROOM            start  56.5  turn  62.5  overview  52.4 fps
low    1920x1080 L11 OMEGA                    start  66.8  turn  71.5  overview  56.8 fps
medium 1920x1080 L01 SOUTH OF MARKET          start  57.8  turn  62.4  overview  49.6 fps
medium 1920x1080 L02 THE OPPORTUNITY CENTER   start  42.4  turn  52.0  overview  33.8 fps
medium 1920x1080 L03 THE 101                  start  53.2  turn  58.3  overview  48.7 fps
medium 1920x1080 L04 SAND HILL ROAD           start  59.8  turn  59.7  overview  49.8 fps
medium 1920x1080 L05 DISRUPT-A-THON           start  44.3  turn  49.5  overview  39.2 fps
medium 1920x1080 L06 OVERCLASS CAMPUS         start  51.3  turn  55.5  overview  39.6 fps
medium 1920x1080 L07 COLD AISLE               start  45.7  turn  51.6  overview  40.8 fps
medium 1920x1080 L08 PIER 70                  start  56.7  turn  69.0  overview  45.4 fps
medium 1920x1080 L09 THE ARK                  start  57.2  turn  68.7  overview  46.9 fps
medium 1920x1080 L10 THE BOARDROOM            start  47.6  turn  56.2  overview  41.5 fps
medium 1920x1080 L11 OMEGA                    start  53.3  turn  56.3  overview  43.6 fps
high   1920x1080 L01 SOUTH OF MARKET          start  30.0  turn  33.4  overview  28.9 fps
high   1920x1080 L02 THE OPPORTUNITY CENTER   start  24.8  turn  32.1  overview  19.9 fps
high   1920x1080 L03 THE 101                  start  28.4  turn  32.3  overview  28.4 fps
high   1920x1080 L04 SAND HILL ROAD           start  27.6  turn  30.4  overview  24.1 fps
high   1920x1080 L05 DISRUPT-A-THON           start  23.3  turn  24.3  overview  19.0 fps
high   1920x1080 L06 OVERCLASS CAMPUS         start  26.4  turn  28.0  overview  18.5 fps
high   1920x1080 L07 COLD AISLE               start  23.5  turn  28.3  overview  21.7 fps
high   1920x1080 L08 PIER 70                  start  28.0  turn  33.0  overview  22.3 fps
high   1920x1080 L09 THE ARK                  start  28.4  turn  35.6  overview  22.4 fps
high   1920x1080 L10 THE BOARDROOM            start  23.9  turn  27.2  overview  19.7 fps
high   1920x1080 L11 OMEGA                    start  28.8  turn  30.2  overview  20.8 fps
high   320x180 L01 SOUTH OF MARKET          start 105.5  turn 166.0  overview 111.5 fps
high   320x180 L02 THE OPPORTUNITY CENTER   start 194.7  turn 275.6  overview 193.0 fps
high   320x180 L03 THE 101                  start 121.1  turn 195.7  overview 131.1 fps
high   320x180 L04 SAND HILL ROAD           start 174.7  turn 199.9  overview 166.1 fps
high   320x180 L05 DISRUPT-A-THON           start 205.4  turn 285.0  overview 205.3 fps
high   320x180 L06 OVERCLASS CAMPUS         start 142.7  turn 197.0  overview 146.6 fps
high   320x180 L07 COLD AISLE               start 165.8  turn 233.2  overview 187.4 fps
high   320x180 L08 PIER 70                  start 140.1  turn 212.3  overview 148.9 fps
high   320x180 L09 THE ARK                  start 139.3  turn 211.3  overview 150.9 fps
high   320x180 L10 THE BOARDROOM            start 148.1  turn 204.1  overview 183.4 fps
high   320x180 L11 OMEGA                    start 155.5  turn 213.9  overview 174.4 fps
Report: recordings/performance-2026-10-03/benchmark.json
